---
annotations: {}
labels: []
name: Test model
nodetype: 1
subnodes:
- annotations: {}
  labels: []
  name: Control
  nodetype: 2
  subnodes:
  - annotations: {}
    header_stub: us mn
    labels: []
    name: Revenue Breakup
    nodetype: 4
    subnodes:
    - annotations: {}
      labels: []
      name: '2017'
      nodetype: 6
      subnodes:
      - annotations: {}
        expression: ''
        labels: []
        modifier: ''
        name: Q1
        nodetype: 8
        slice_exprs: []
        sources: []
        subnodes: []
        type: 0
      - annotations: {}
        expression: ''
        labels: []
        modifier: ''
        name: Q2
        nodetype: 8
        slice_exprs: []
        sources: []
        subnodes: []
        type: 0
      - annotations: {}
        expression: ''
        labels: []
        modifier: ''
        name: Q3
        nodetype: 8
        slice_exprs: []
        sources: []
        subnodes: []
        type: 0
      - annotations: {}
        expression: ''
        labels: []
        modifier: ''
        name: Q4
        nodetype: 8
        slice_exprs: []
        sources: []
        subnodes: []
        type: 0
      - annotations: {}
        expression: ''
        labels: []
        modifier: ''
        name: FY
        nodetype: 8
        slice_exprs: []
        sources: []
        subnodes: []
        type: 0
    - annotations: {}
      labels: []
      name: '2018'
      nodetype: 6
      subnodes:
      - annotations: {}
        expression: ''
        labels: []
        modifier: ''
        name: Q1
        nodetype: 8
        slice_exprs: []
        sources: []
        subnodes: []
        type: 0
      - annotations: {}
        expression: ''
        labels: []
        modifier: ''
        name: Q2
        nodetype: 8
        slice_exprs: []
        sources: []
        subnodes: []
        type: 0
      - annotations: {}
        expression: ''
        labels: []
        modifier: ''
        name: Q3
        nodetype: 8
        slice_exprs: []
        sources: []
        subnodes: []
        type: 0
      - annotations: {}
        expression: ''
        labels: []
        modifier: ''
        name: Q4
        nodetype: 8
        slice_exprs: []
        sources: []
        subnodes: []
        type: 0
      - annotations: {}
        expression: ''
        labels: []
        modifier: ''
        name: FY
        nodetype: 8
        slice_exprs: []
        sources: []
        subnodes: []
        type: 0
    - annotations: {}
      labels: []
      name: '2019'
      nodetype: 6
      subnodes:
      - annotations: {}
        expression: ''
        labels: []
        modifier: ''
        name: Q1
        nodetype: 8
        slice_exprs: []
        sources: []
        subnodes: []
        type: 0
      - annotations: {}
        expression: ''
        labels: []
        modifier: ''
        name: Q2
        nodetype: 8
        slice_exprs: []
        sources: []
        subnodes: []
        type: 0
      - annotations: {}
        expression: ''
        labels: []
        modifier: ''
        name: Q3
        nodetype: 8
        slice_exprs: []
        sources: []
        subnodes: []
        type: 0
      - annotations: {}
        expression: ''
        labels: []
        modifier: ''
        name: Q4
        nodetype: 8
        slice_exprs: []
        sources: []
        subnodes: []
        type: 0
      - annotations: {}
        expression: ''
        labels: []
        modifier: ''
        name: FY
        nodetype: 8
        slice_exprs: []
        sources: []
        subnodes: []
        type: 0
    - annotations: {}
      labels: []
      name: '2020'
      nodetype: 6
      subnodes:
      - annotations: {}
        expression: ''
        labels: []
        modifier: ''
        name: Q1
        nodetype: 8
        slice_exprs: []
        sources: []
        subnodes: []
        type: 0
      - annotations: {}
        expression: ''
        labels: []
        modifier: ''
        name: Q2
        nodetype: 8
        slice_exprs: []
        sources: []
        subnodes: []
        type: 0
      - annotations: {}
        expression: ''
        labels: []
        modifier: ''
        name: Q3
        nodetype: 8
        slice_exprs: []
        sources: []
        subnodes: []
        type: 0
      - annotations: {}
        expression: ''
        labels: []
        modifier: ''
        name: Q4
        nodetype: 8
        slice_exprs: []
        sources: []
        subnodes: []
        type: 0
      - annotations: {}
        expression: ''
        labels: []
        modifier: ''
        name: FY
        nodetype: 8
        slice_exprs: []
        sources: []
        subnodes: []
        type: 0
    - alias: ''
      annotations: {}
      expression: ''
      is_def_scalar: false
      labels: []
      modifier: ''
      name: row1
      nodetype: 7
      slice_exprs: []
      sources:
      - 1
      - 2
      - 3
      - 4
      - 5
      - 6
      - 7
      - 8
      - 9
      - 10
      - 11
      - 12
      - 13
      - 14
      - 15
      - 16
      - 17
      - 18
      - 19
      - 20
      subnodes: []
      type: 0
    - alias: ''
      annotations: {}
      expression: ''
      is_def_scalar: false
      labels: []
      modifier: ''
      name: row2
      nodetype: 7
      slice_exprs: []
      sources:
      - 1
      - 2
      - 3
      - 4
      - 5
      - 6
      - 7
      - 8
      - 9
      - 10
      - 11
      - 12
      - 13
      - 14
      - 15
      - 16
      - 17
      - 18
      - 19
      - 20
      subnodes: []
      type: 0
    - alias: ''
      annotations: {}
      expression: ''
      is_def_scalar: false
      labels: []
      modifier: ''
      name: row3
      nodetype: 7
      slice_exprs: []
      sources:
      - 1
      - 2
      - 3
      - 4
      - 5
      - 6
      - 7
      - 8
      - 9
      - 10
      - 11
      - 12
      - 13
      - 14
      - 15
      - 16
      - 17
      - 18
      - 19
      - 20
      subnodes: []
      type: 0
    - alias: ''
      annotations: {}
      expression: '{row1} + {row2}'
      is_def_scalar: false
      labels: []
      modifier: ''
      name: row4
      nodetype: 7
      slice_exprs: []
      sources: []
      subnodes: []
      type: 0
    - alias: ''
      annotations: {}
      expression: sum({row1}, {row2}, {row3})
      is_def_scalar: false
      labels: []
      modifier: ''
      name: row5
      nodetype: 7
      slice_exprs: []
      sources: []
      subnodes: []
      type: 0
    - alias: ''
      annotations: {}
      expression: average({row1}, {row2}, {row3})
      is_def_scalar: false
      labels: []
      modifier: ''
      name: row6
      nodetype: 7
      slice_exprs: []
      sources: []
      subnodes: []
      type: 0
    - alias: ''
      annotations: {}
      expression: ''
      is_def_scalar: false
      labels: []
      modifier: ''
      name: row7
      nodetype: 7
      slice_exprs: []
      sources:
      - 1
      - 2
      - 3
      - 4
      - 5
      - 6
      - 7
      - 8
      - 9
      - 10
      - 11
      - 12
      - 13
      - 14
      - 15
      - 16
      - 17
      - 18
      - 19
      - 20
      subnodes: []
      type: 0
    - alias: ''
      annotations: {}
      expression: '1'
      is_def_scalar: false
      labels: []
      modifier: ''
      name: row8
      nodetype: 7
      slice_exprs: []
      sources: []
      subnodes: []
      type: 0
    - alias: ''
      annotations: {}
      expression: '{sheet1!Revenue Breakup!row1}'
      is_def_scalar: false
      labels: []
      modifier: ''
      name: row9
      nodetype: 7
      slice_exprs: []
      sources: []
      subnodes: []
      type: 0
    - alias: ''
      annotations: {}
      expression: ''
      is_def_scalar: false
      labels: []
      modifier: --
      name: row10
      nodetype: 7
      slice_exprs: []
      sources:
      - -200
      - -112
      -
      -
      -
      -
      -
      -
      -
      -
      -
      -
      -
      -
      -
      -
      -
      -
      -
      -
      subnodes: []
      type: 0
- annotations: {}
  labels: []
  name: sheet1
  nodetype: 2
  subnodes:
  - annotations: {}
    header_stub: us mn
    labels: []
    name: Revenue Breakup
    nodetype: 4
    subnodes:
    - annotations: {}
      labels: []
      name: '2017'
      nodetype: 6
      subnodes:
      - annotations: {}
        expression: ''
        labels: []
        modifier: ''
        name: Q1
        nodetype: 8
        slice_exprs: []
        sources: []
        subnodes: []
        type: 0
      - annotations: {}
        expression: ''
        labels: []
        modifier: ''
        name: Q2
        nodetype: 8
        slice_exprs: []
        sources: []
        subnodes: []
        type: 0
      - annotations: {}
        expression: ''
        labels: []
        modifier: ''
        name: Q3
        nodetype: 8
        slice_exprs: []
        sources: []
        subnodes: []
        type: 0
      - annotations: {}
        expression: ''
        labels: []
        modifier: ''
        name: Q4
        nodetype: 8
        slice_exprs: []
        sources: []
        subnodes: []
        type: 0
      - annotations: {}
        expression: ''
        labels: []
        modifier: ''
        name: FY
        nodetype: 8
        slice_exprs: []
        sources: []
        subnodes: []
        type: 0
    - annotations: {}
      labels: []
      name: '2018'
      nodetype: 6
      subnodes:
      - annotations: {}
        expression: ''
        labels: []
        modifier: ''
        name: Q1
        nodetype: 8
        slice_exprs: []
        sources: []
        subnodes: []
        type: 0
      - annotations: {}
        expression: ''
        labels: []
        modifier: ''
        name: Q2
        nodetype: 8
        slice_exprs: []
        sources: []
        subnodes: []
        type: 0
      - annotations: {}
        expression: ''
        labels: []
        modifier: ''
        name: Q3
        nodetype: 8
        slice_exprs: []
        sources: []
        subnodes: []
        type: 0
      - annotations: {}
        expression: ''
        labels: []
        modifier: ''
        name: Q4
        nodetype: 8
        slice_exprs: []
        sources: []
        subnodes: []
        type: 0
      - annotations: {}
        expression: ''
        labels: []
        modifier: ''
        name: FY
        nodetype: 8
        slice_exprs: []
        sources: []
        subnodes: []
        type: 0
    - annotations: {}
      labels: []
      name: '2019'
      nodetype: 6
      subnodes:
      - annotations: {}
        expression: ''
        labels: []
        modifier: ''
        name: Q1
        nodetype: 8
        slice_exprs: []
        sources: []
        subnodes: []
        type: 0
      - annotations: {}
        expression: ''
        labels: []
        modifier: ''
        name: Q2
        nodetype: 8
        slice_exprs: []
        sources: []
        subnodes: []
        type: 0
      - annotations: {}
        expression: ''
        labels: []
        modifier: ''
        name: Q3
        nodetype: 8
        slice_exprs: []
        sources: []
        subnodes: []
        type: 0
      - annotations: {}
        expression: ''
        labels: []
        modifier: ''
        name: Q4
        nodetype: 8
        slice_exprs: []
        sources: []
        subnodes: []
        type: 0
      - annotations: {}
        expression: ''
        labels: []
        modifier: ''
        name: FY
        nodetype: 8
        slice_exprs: []
        sources: []
        subnodes: []
        type: 0
    - annotations: {}
      labels: []
      name: '2020'
      nodetype: 6
      subnodes:
      - annotations: {}
        expression: ''
        labels: []
        modifier: ''
        name: Q1
        nodetype: 8
        slice_exprs: []
        sources: []
        subnodes: []
        type: 0
      - annotations: {}
        expression: ''
        labels: []
        modifier: ''
        name: Q2
        nodetype: 8
        slice_exprs: []
        sources: []
        subnodes: []
        type: 0
      - annotations: {}
        expression: ''
        labels: []
        modifier: ''
        name: Q3
        nodetype: 8
        slice_exprs: []
        sources: []
        subnodes: []
        type: 0
      - annotations: {}
        expression: ''
        labels: []
        modifier: ''
        name: Q4
        nodetype: 8
        slice_exprs: []
        sources: []
        subnodes: []
        type: 0
      - annotations: {}
        expression: ''
        labels: []
        modifier: ''
        name: FY
        nodetype: 8
        slice_exprs: []
        sources: []
        subnodes: []
        type: 0
    - alias: ''
      annotations: {}
      expression: ''
      is_def_scalar: false
      labels: []
      modifier: ''
      name: row1
      nodetype: 7
      slice_exprs: []
      sources: []
      subnodes: []
      type: 0
